2026-08-28 15:50:18 | INFO     | highlight_detection | Scored 2 candidates from 2 segments
2026-08-28 15:50:18 | INFO     | highlight_detection | Scored 1 candidates from 1 segments
2026-08-28 15:50:18 | INFO     | highlight_detection | Scored 1 candidates from 1 segments
2026-08-28 15:50:18 | INFO     | highlight_detection | Scored 1 candidates from 1 segments
2026-08-28 15:50:18 | INFO     | highlight_detection | Scored 0 candidates from 0 segments
2026-08-28 15:50:18 | INFO     | highlight_detection | Scored 1 candidates from 1 segments
2026-08-28 15:50:18 | DEBUG    | clip_generator | Skipping overlapping candidate at 0.0s–30.0s
2026-08-28 15:50:18 | DEBUG    | clip_generator | Skipping overlapping candidate at 0.0s–30.0s
2026-08-28 15:50:18 | DEBUG    | clip_generator | Skipping overlapping candidate at 5.0s–35.0s
2026-08-28 15:50:18 | DEBUG    | clip_generator | Skipping overlapping candidate at 10.0s–40.0s
2026-08-28 15:50:18 | DEBUG    | clip_generator | Skipping overlapping candidate at 20.0s–50.0s
2026-08-28 15:50:18 | DEBUG    | clip_generator | Skipping overlapping candidate at 25.0s–55.0s
2026-08-28 15:50:18 | DEBUG    | clip_generator | Skipping overlapping candidate at 35.0s–65.0s
2026-08-28 15:50:18 | INFO     | clip_generator | Selected 4 clips
2026-08-28 15:50:18 | DEBUG    | clip_generator | Skipping overlapping candidate at 0.0s–30.0s
2026-08-28 15:50:18 | DEBUG    | clip_generator | Skipping overlapping candidate at 10.0s–40.0s
2026-08-28 15:50:18 | DEBUG    | clip_generator | Skipping overlapping candidate at 30.0s–60.0s
2026-08-28 15:50:18 | INFO     | clip_generator | Selected 3 clips
2026-08-28 15:50:18 | DEBUG    | clip_generator | Skipping overlapping candidate at 7.0s–37.0s
2026-08-28 15:50:18 | INFO     | clip_generator | Selected 3 clips
2026-08-28 15:50:18 | WARNING  | clip_generator | No highlight candidates provided; using uniform selection.
2026-08-28 15:50:21 | ERROR    | main | Unhandled exception: (sqlite3.OperationalError) no such table: jobs
[SQL: SELECT jobs.id AS jobs_id, jobs.youtube_url AS jobs_youtube_url, jobs.video_id AS jobs_video_id, jobs.video_title AS jobs_video_title, jobs.video_duration AS jobs_video_duration, jobs.video_thumbnail AS jobs_video_thumbnail, jobs.channel_name AS jobs_channel_name, jobs.clip_duration AS jobs_clip_duration, jobs.num_clips AS jobs_num_clips, jobs.aspect_ratio AS jobs_aspect_ratio, jobs.subtitle_style AS jobs_subtitle_style, jobs.status AS jobs_status, jobs.progress AS jobs_progress, jobs.stage AS jobs_stage, jobs.error_message AS jobs_error_message, jobs.created_at AS jobs_created_at, jobs.updated_at AS jobs_updated_at 
FROM jobs ORDER BY jobs.created_at DESC]
(Background on this error at: https://sqlalche.me/e/20/e3q8)
2026-08-28 15:50:22 | ERROR    | main | Unhandled exception: (sqlite3.OperationalError) no such table: jobs
[SQL: SELECT jobs.id AS jobs_id, jobs.youtube_url AS jobs_youtube_url, jobs.video_id AS jobs_video_id, jobs.video_title AS jobs_video_title, jobs.video_duration AS jobs_video_duration, jobs.video_thumbnail AS jobs_video_thumbnail, jobs.channel_name AS jobs_channel_name, jobs.clip_duration AS jobs_clip_duration, jobs.num_clips AS jobs_num_clips, jobs.aspect_ratio AS jobs_aspect_ratio, jobs.subtitle_style AS jobs_subtitle_style, jobs.status AS jobs_status, jobs.progress AS jobs_progress, jobs.stage AS jobs_stage, jobs.error_message AS jobs_error_message, jobs.created_at AS jobs_created_at, jobs.updated_at AS jobs_updated_at 
FROM jobs 
WHERE jobs.id = ?
 LIMIT ? OFFSET ?]
[parameters: ('nonexistent-id', 1, 0)]
(Background on this error at: https://sqlalche.me/e/20/e3q8)
2026-08-28 15:50:44 | INFO     | highlight_detection | Scored 2 candidates from 2 segments
2026-08-28 15:50:44 | INFO     | highlight_detection | Scored 1 candidates from 1 segments
2026-08-28 15:50:44 | INFO     | highlight_detection | Scored 1 candidates from 1 segments
2026-08-28 15:50:44 | INFO     | highlight_detection | Scored 1 candidates from 1 segments
2026-08-28 15:50:44 | INFO     | highlight_detection | Scored 0 candidates from 0 segments
2026-08-28 15:50:44 | INFO     | highlight_detection | Scored 1 candidates from 1 segments
2026-08-28 15:50:44 | DEBUG    | clip_generator | Skipping overlapping candidate at 0.0s–30.0s
2026-08-28 15:50:44 | DEBUG    | clip_generator | Skipping overlapping candidate at 0.0s–30.0s
2026-08-28 15:50:44 | DEBUG    | clip_generator | Skipping overlapping candidate at 5.0s–35.0s
2026-08-28 15:50:44 | DEBUG    | clip_generator | Skipping overlapping candidate at 10.0s–40.0s
2026-08-28 15:50:44 | DEBUG    | clip_generator | Skipping overlapping candidate at 20.0s–50.0s
2026-08-28 15:50:44 | DEBUG    | clip_generator | Skipping overlapping candidate at 25.0s–55.0s
2026-08-28 15:50:44 | DEBUG    | clip_generator | Skipping overlapping candidate at 35.0s–65.0s
2026-08-28 15:50:44 | INFO     | clip_generator | Selected 4 clips
2026-08-28 15:50:44 | DEBUG    | clip_generator | Skipping overlapping candidate at 0.0s–30.0s
2026-08-28 15:50:44 | DEBUG    | clip_generator | Skipping overlapping candidate at 10.0s–40.0s
2026-08-28 15:50:44 | DEBUG    | clip_generator | Skipping overlapping candidate at 30.0s–60.0s
2026-08-28 15:50:44 | INFO     | clip_generator | Selected 3 clips
2026-08-28 15:50:44 | DEBUG    | clip_generator | Skipping overlapping candidate at 7.0s–37.0s
2026-08-28 15:50:44 | INFO     | clip_generator | Selected 3 clips
2026-08-28 15:50:44 | WARNING  | clip_generator | No highlight candidates provided; using uniform selection.
2026-08-28 15:51:00 | INFO     | main | ClipForge AI backend started on port 8000
2026-08-28 15:51:00 | INFO     | main | Data directory: C:\Users\ak252\OneDrive\Documents\ClipForge AI\data
2026-08-28 16:02:07 | INFO     | main | ClipForge AI backend started on port 8000
2026-08-28 16:02:07 | INFO     | main | Data directory: C:\Users\ak252\OneDrive\Documents\ClipForge AI\data
2026-08-28 16:02:35 | INFO     | youtube | Fetching metadata for video_id=mNcEHwRysnc
2026-08-28 16:02:41 | INFO     | worker.27ed4c3f-0d02-4923-b820-a2b4b273184f | [JOB 27ed4c3f-0d02-4923-b820-a2b4b273184f] Pipeline started for URL: https://youtu.be/mNcEHwRysnc?si=sSr7e5EcXoWPIezb
2026-08-28 16:02:41 | INFO     | worker.27ed4c3f-0d02-4923-b820-a2b4b273184f | [JOB 27ed4c3f-0d02-4923-b820-a2b4b273184f] Fetching video metadata
2026-08-28 16:02:41 | INFO     | youtube | Fetching metadata for video_id=mNcEHwRysnc
2026-08-28 16:02:45 | INFO     | worker.27ed4c3f-0d02-4923-b820-a2b4b273184f | [JOB 27ed4c3f-0d02-4923-b820-a2b4b273184f] Video: Family Kirana Store S2 | EP1- Aamdani Athani | Ft. Shrikant Verma, Garima Singh, Hemant Mishra | TVF (1230s)
2026-08-28 16:02:45 | INFO     | worker.27ed4c3f-0d02-4923-b820-a2b4b273184f | [JOB 27ed4c3f-0d02-4923-b820-a2b4b273184f] Downloading video
2026-08-28 16:02:45 | INFO     | downloader | [JOB 27ed4c3f-0d02-4923-b820-a2b4b273184f] Starting download: https://youtu.be/mNcEHwRysnc?si=sSr7e5EcXoWPIezb
2026-08-28 16:02:46 | DEBUG    | downloader | [JOB 27ed4c3f-0d02-4923-b820-a2b4b273184f] yt-dlp: [youtube] Extracting URL: https://youtu.be/mNcEHwRysnc?si=sSr7e5EcXoWPIezb
2026-08-28 16:02:46 | DEBUG    | downloader | [JOB 27ed4c3f-0d02-4923-b820-a2b4b273184f] yt-dlp: [youtube] mNcEHwRysnc: Downloading webpage
2026-08-28 16:02:47 | DEBUG    | downloader | [JOB 27ed4c3f-0d02-4923-b820-a2b4b273184f] yt-dlp: WARNING: [youtube] No supported JavaScript runtime could be found. Only deno is enabled by default; to use another runtime add  --js-runtimes RUNTIME[:PATH]  to your command/config. YouTube extraction without a JS runtime has been deprecated, and some formats may be missing. See  https://github.com/yt-dlp/yt-dlp/wiki/EJS  for details on installing one
2026-08-28 16:02:47 | DEBUG    | downloader | [JOB 27ed4c3f-0d02-4923-b820-a2b4b273184f] yt-dlp: [youtube] mNcEHwRysnc: Downloading visionos player API JSON
2026-08-28 16:02:47 | DEBUG    | downloader | [JOB 27ed4c3f-0d02-4923-b820-a2b4b273184f] yt-dlp: [youtube] mNcEHwRysnc: Downloading m3u8 information
2026-08-28 16:02:48 | DEBUG    | downloader | [JOB 27ed4c3f-0d02-4923-b820-a2b4b273184f] yt-dlp: [info] mNcEHwRysnc: Downloading 1 format(s): 398+140
2026-08-28 16:02:48 | DEBUG    | downloader | [JOB 27ed4c3f-0d02-4923-b820-a2b4b273184f] yt-dlp: WARNING: You have requested merging of multiple formats but ffmpeg is not installed. The formats won't be merged
2026-08-28 16:02:48 | DEBUG    | downloader | [JOB 27ed4c3f-0d02-4923-b820-a2b4b273184f] yt-dlp: [download] Destination: C:\Users\ak252\OneDrive\Documents\ClipForge AI\data\downloads\27ed4c3f-0d02-4923-b820-a2b4b273184f\mNcEHwRysnc.f398.mp4
2026-08-28 16:02:48 | DEBUG    | downloader | [JOB 27ed4c3f-0d02-4923-b820-a2b4b273184f] yt-dlp: [download]   0.0% of   69.76MiB at  514.83KiB/s ETA 02:19
2026-08-28 16:02:48 | DEBUG    | downloader | [JOB 27ed4c3f-0d02-4923-b820-a2b4b273184f] yt-dlp: [download]   0.0% of   69.76MiB at    1.22MiB/s ETA 00:57
2026-08-28 16:02:48 | DEBUG    | downloader | [JOB 27ed4c3f-0d02-4923-b820-a2b4b273184f] yt-dlp: [download]   0.0% of   69.76MiB at    2.63MiB/s ETA 00:26
2026-08-28 16:02:48 | DEBUG    | downloader | [JOB 27ed4c3f-0d02-4923-b820-a2b4b273184f] yt-dlp: [download]   0.0% of   69.76MiB at    5.29MiB/s ETA 00:13
2026-08-28 16:02:48 | DEBUG    | downloader | [JOB 27ed4c3f-0d02-4923-b820-a2b4b273184f] yt-dlp: [download]   0.0% of   69.76MiB at    1.04MiB/s ETA 01:07
2026-08-28 16:02:48 | DEBUG    | downloader | [JOB 27ed4c3f-0d02-4923-b820-a2b4b273184f] yt-dlp: [download]   0.1% of   69.76MiB at    1.26MiB/s ETA 00:55
2026-08-28 16:02:48 | DEBUG    | downloader | [JOB 27ed4c3f-0d02-4923-b820-a2b4b273184f] yt-dlp: [download]   0.2% of   69.76MiB at    1.64MiB/s ETA 00:42
2026-08-28 16:02:48 | DEBUG    | downloader | [JOB 27ed4c3f-0d02-4923-b820-a2b4b273184f] yt-dlp: [download]   0.4% of   69.76MiB at    2.42MiB/s ETA 00:28
2026-08-28 16:02:48 | DEBUG    | downloader | [JOB 27ed4c3f-0d02-4923-b820-a2b4b273184f] yt-dlp: [download]   0.7% of   69.76MiB at    3.46MiB/s ETA 00:20
2026-08-28 16:02:48 | DEBUG    | downloader | [JOB 27ed4c3f-0d02-4923-b820-a2b4b273184f] yt-dlp: [download]   1.4% of   69.76MiB at    5.10MiB/s ETA 00:13
2026-08-28 16:02:48 | DEBUG    | downloader | [JOB 27ed4c3f-0d02-4923-b820-a2b4b273184f] yt-dlp: [download]   2.9% of   69.76MiB at    7.21MiB/s ETA 00:09
2026-08-28 16:02:48 | DEBUG    | downloader | [JOB 27ed4c3f-0d02-4923-b820-a2b4b273184f] yt-dlp: [download]   5.7% of   69.76MiB at   11.20MiB/s ETA 00:05
2026-08-28 16:02:48 | DEBUG    | downloader | [JOB 27ed4c3f-0d02-4923-b820-a2b4b273184f] yt-dlp: [download]  11.5% of   69.76MiB at   16.62MiB/s ETA 00:03
2026-08-28 16:02:48 | DEBUG    | downloader | [JOB 27ed4c3f-0d02-4923-b820-a2b4b273184f] yt-dlp: [download]  13.8% of   69.76MiB at   18.69MiB/s ETA 00:03
2026-08-28 16:02:49 | DEBUG    | downloader | [JOB 27ed4c3f-0d02-4923-b820-a2b4b273184f] yt-dlp: [download]  13.8% of   69.76MiB at  145.52KiB/s ETA 07:03
2026-08-28 16:02:49 | DEBUG    | downloader | [JOB 27ed4c3f-0d02-4923-b820-a2b4b273184f] yt-dlp: [download]  13.8% of   69.76MiB at  410.03KiB/s ETA 02:30
2026-08-28 16:02:49 | DEBUG    | downloader | [JOB 27ed4c3f-0d02-4923-b820-a2b4b273184f] yt-dlp: [download]  13.8% of   69.76MiB at  931.39KiB/s ETA 01:06
2026-08-28 16:02:49 | DEBUG    | downloader | [JOB 27ed4c3f-0d02-4923-b820-a2b4b273184f] yt-dlp: [download]  13.9% of   69.76MiB at    1.90MiB/s ETA 00:31
2026-08-28 16:02:49 | DEBUG    | downloader | [JOB 27ed4c3f-0d02-4923-b820-a2b4b273184f] yt-dlp: [download]  13.9% of   69.76MiB at    1.11MiB/s ETA 00:54
2026-08-28 16:02:49 | DEBUG    | downloader | [JOB 27ed4c3f-0d02-4923-b820-a2b4b273184f] yt-dlp: [download]  13.9% of   69.76MiB at    1.32MiB/s ETA 00:45
2026-08-28 16:02:49 | DEBUG    | downloader | [JOB 27ed4c3f-0d02-4923-b820-a2b4b273184f] yt-dlp: [download]  14.0% of   69.76MiB at    1.85MiB/s ETA 00:32
2026-08-28 16:02:49 | DEBUG    | downloader | [JOB 27ed4c3f-0d02-4923-b820-a2b4b273184f] yt-dlp: [download]  14.2% of   69.76MiB at    2.49MiB/s ETA 00:24
2026-08-28 16:02:49 | DEBUG    | downloader | [JOB 27ed4c3f-0d02-4923-b820-a2b4b273184f] yt-dlp: [download]  14.5% of   69.76MiB at    3.40MiB/s ETA 00:17
2026-08-28 16:02:49 | DEBUG    | downloader | [JOB 27ed4c3f-0d02-4923-b820-a2b4b273184f] yt-dlp: [download]  15.3% of   69.76MiB at    5.02MiB/s ETA 00:11
2026-08-28 16:02:49 | DEBUG    | downloader | [JOB 27ed4c3f-0d02-4923-b820-a2b4b273184f] yt-dlp: [download]  16.7% of   69.76MiB at    7.55MiB/s ETA 00:07
2026-08-28 16:02:49 | DEBUG    | downloader | [JOB 27ed4c3f-0d02-4923-b820-a2b4b273184f] yt-dlp: [download]  19.6% of   69.76MiB at   11.73MiB/s ETA 00:04
2026-08-28 16:02:49 | DEBUG    | downloader | [JOB 27ed4c3f-0d02-4923-b820-a2b4b273184f] yt-dlp: [download]  25.3% of   69.76MiB at   17.00MiB/s ETA 00:03
2026-08-28 16:02:49 | DEBUG    | downloader | [JOB 27ed4c3f-0d02-4923-b820-a2b4b273184f] yt-dlp: [download]  27.7% of   69.76MiB at   18.99MiB/s ETA 00:02
2026-08-28 16:02:49 | DEBUG    | downloader | [JOB 27ed4c3f-0d02-4923-b820-a2b4b273184f] yt-dlp: [download]  27.7% of   69.76MiB at  172.77KiB/s ETA 04:59
2026-08-28 16:02:49 | DEBUG    | downloader | [JOB 27ed4c3f-0d02-4923-b820-a2b4b273184f] yt-dlp: [download]  27.7% of   69.76MiB at  462.45KiB/s ETA 01:51
2026-08-28 16:02:49 | DEBUG    | downloader | [JOB 27ed4c3f-0d02-4923-b820-a2b4b273184f] yt-dlp: [download]  27.7% of   69.76MiB at    1.00MiB/s ETA 00:50
2026-08-28 16:02:49 | DEBUG    | downloader | [JOB 27ed4c3f-0d02-4923-b820-a2b4b273184f] yt-dlp: [download]  27.7% of   69.76MiB at    2.05MiB/s ETA 00:24
2026-08-28 16:02:49 | DEBUG    | downloader | [JOB 27ed4c3f-0d02-4923-b820-a2b4b273184f] yt-dlp: [download]  27.7% of   69.76MiB at  990.50KiB/s ETA 00:52
2026-08-28 16:02:49 | DEBUG    | downloader | [JOB 27ed4c3f-0d02-4923-b820-a2b4b273184f] yt-dlp: [download]  27.8% of   69.76MiB at  958.29KiB/s ETA 00:53
2026-08-28 16:02:49 | DEBUG    | downloader | [JOB 27ed4c3f-0d02-4923-b820-a2b4b273184f] yt-dlp: [download]  27.9% of   69.76MiB at    1.36MiB/s ETA 00:37
2026-08-28 16:02:49 | DEBUG    | downloader | [JOB 27ed4c3f-0d02-4923-b820-a2b4b273184f] yt-dlp: [download]  28.0% of   69.76MiB at    1.97MiB/s ETA 00:25
2026-08-28 16:02:49 | DEBUG    | downloader | [JOB 27ed4c3f-0d02-4923-b820-a2b4b273184f] yt-dlp: [download]  28.4% of   69.76MiB at    3.08MiB/s ETA 00:16
2026-08-28 16:02:49 | DEBUG    | downloader | [JOB 27ed4c3f-0d02-4923-b820-a2b4b273184f] yt-dlp: [download]  29.1% of   69.76MiB at    4.54MiB/s ETA 00:10
2026-08-28 16:02:49 | DEBUG    | downloader | [JOB 27ed4c3f-0d02-4923-b820-a2b4b273184f] yt-dlp: [download]  30.6% of   69.76MiB at    7.36MiB/s ETA 00:06
2026-08-28 16:02:50 | DEBUG    | downloader | [JOB 27ed4c3f-0d02-4923-b820-a2b4b273184f] yt-dlp: [download]  33.4% of   69.76MiB at   11.67MiB/s ETA 00:03
2026-08-28 16:02:50 | DEBUG    | downloader | [JOB 27ed4c3f-0d02-4923-b820-a2b4b273184f] yt-dlp: [download]  39.2% of   69.76MiB at   15.18MiB/s ETA 00:02
2026-08-28 16:02:50 | DEBUG    | downloader | [JOB 27ed4c3f-0d02-4923-b820-a2b4b273184f] yt-dlp: [download]  41.6% of   69.76MiB at   15.66MiB/s ETA 00:02
2026-08-28 16:02:50 | DEBUG    | downloader | [JOB 27ed4c3f-0d02-4923-b820-a2b4b273184f] yt-dlp: [download]  41.6% of   69.76MiB at  234.63KiB/s ETA 02:58
2026-08-28 16:02:50 | DEBUG    | downloader | [JOB 27ed4c3f-0d02-4923-b820-a2b4b273184f] yt-dlp: [download]  41.6% of   69.76MiB at  634.89KiB/s ETA 01:05
2026-08-28 16:02:50 | DEBUG    | downloader | [JOB 27ed4c3f-0d02-4923-b820-a2b4b273184f] yt-dlp: [download]  41.6% of   69.76MiB at    1.38MiB/s ETA 00:29
2026-08-28 16:02:50 | DEBUG    | downloader | [JOB 27ed4c3f-0d02-4923-b820-a2b4b273184f] yt-dlp: [download]  41.6% of   69.76MiB at    2.78MiB/s ETA 00:14
2026-08-28 16:02:50 | DEBUG    | downloader | [JOB 27ed4c3f-0d02-4923-b820-a2b4b273184f] yt-dlp: [download]  41.7% of   69.76MiB at    1.10MiB/s ETA 00:37
2026-08-28 16:02:50 | DEBUG    | downloader | [JOB 27ed4c3f-0d02-4923-b820-a2b4b273184f] yt-dlp: [download]  41.7% of   69.76MiB at    1.27MiB/s ETA 00:32
2026-08-28 16:02:50 | DEBUG    | downloader | [JOB 27ed4c3f-0d02-4923-b820-a2b4b273184f] yt-dlp: [download]  41.8% of   69.76MiB at    1.89MiB/s ETA 00:21
2026-08-28 16:02:50 | DEBUG    | downloader | [JOB 27ed4c3f-0d02-4923-b820-a2b4b273184f] yt-dlp: [download]  42.0% of   69.76MiB at    2.48MiB/s ETA 00:16
2026-08-28 16:02:50 | DEBUG    | downloader | [JOB 27ed4c3f-0d02-4923-b820-a2b4b273184f] yt-dlp: [download]  42.3% of   69.76MiB at    3.79MiB/s ETA 00:10
2026-08-28 16:02:50 | DEBUG    | downloader | [JOB 27ed4c3f-0d02-4923-b820-a2b4b273184f] yt-dlp: [download]  43.1% of   69.76MiB at    5.92MiB/s ETA 00:06
2026-08-28 16:02:50 | DEBUG    | downloader | [JOB 27ed4c3f-0d02-4923-b820-a2b4b273184f] yt-dlp: [download]  44.5% of   69.76MiB at    9.51MiB/s ETA 00:04
2026-08-28 16:02:50 | DEBUG    | downloader | [JOB 27ed4c3f-0d02-4923-b820-a2b4b273184f] yt-dlp: [download]  47.4% of   69.76MiB at   14.30MiB/s ETA 00:02
2026-08-28 16:02:50 | DEBUG    | downloader | [JOB 27ed4c3f-0d02-4923-b820-a2b4b273184f] yt-dlp: [download]  53.1% of   69.76MiB at   19.73MiB/s ETA 00:01
2026-08-28 16:02:50 | DEBUG    | downloader | [JOB 27ed4c3f-0d02-4923-b820-a2b4b273184f] yt-dlp: [download]  55.7% of   69.76MiB at   21.50MiB/s ETA 00:01
2026-08-28 16:02:50 | DEBUG    | downloader | [JOB 27ed4c3f-0d02-4923-b820-a2b4b273184f] yt-dlp: [download]  55.7% of   69.76MiB at  218.03KiB/s ETA 02:25
2026-08-28 16:02:50 | DEBUG    | downloader | [JOB 27ed4c3f-0d02-4923-b820-a2b4b273184f] yt-dlp: [download]  55.7% of   69.76MiB at  570.86KiB/s ETA 00:55
2026-08-28 16:02:50 | DEBUG    | downloader | [JOB 27ed4c3f-0d02-4923-b820-a2b4b273184f] yt-dlp: [download]  55.7% of   69.76MiB at    1.23MiB/s ETA 00:25
2026-08-28 16:02:50 | DEBUG    | downloader | [JOB 27ed4c3f-0d02-4923-b820-a2b4b273184f] yt-dlp: [download]  55.7% of   69.76MiB at    2.54MiB/s ETA 00:12
2026-08-28 16:02:50 | DEBUG    | downloader | [JOB 27ed4c3f-0d02-4923-b820-a2b4b273184f] yt-dlp: [download]  55.8% of   69.76MiB at    1.23MiB/s ETA 00:25
2026-08-28 16:02:51 | DEBUG    | downloader | [JOB 27ed4c3f-0d02-4923-b820-a2b4b273184f] yt-dlp: [download]  55.8% of   69.76MiB at    1.36MiB/s ETA 00:22
2026-08-28 16:02:51 | DEBUG    | downloader | [JOB 27ed4c3f-0d02-4923-b820-a2b4b273184f] yt-dlp: [download]  55.9% of   69.76MiB at    2.06MiB/s ETA 00:14
2026-08-28 16:02:51 | DEBUG    | downloader | [JOB 27ed4c3f-0d02-4923-b820-a2b4b273184f] yt-dlp: [download]  56.1% of   69.76MiB at    2.86MiB/s ETA 00:10
2026-08-28 16:02:51 | DEBUG    | downloader | [JOB 27ed4c3f-0d02-4923-b820-a2b4b273184f] yt-dlp: [download]  56.4% of   69.76MiB at    4.13MiB/s ETA 00:07
2026-08-28 16:02:51 | DEBUG    | downloader | [JOB 27ed4c3f-0d02-4923-b820-a2b4b273184f] yt-dlp: [download]  57.1% of   69.76MiB at    6.40MiB/s ETA 00:04
2026-08-28 16:02:51 | DEBUG    | downloader | [JOB 27ed4c3f-0d02-4923-b820-a2b4b273184f] yt-dlp: [download]  58.6% of   69.76MiB at    9.69MiB/s ETA 00:02
2026-08-28 16:02:51 | DEBUG    | downloader | [JOB 27ed4c3f-0d02-4923-b820-a2b4b273184f] yt-dlp: [download]  61.4% of   69.76MiB at   13.68MiB/s ETA 00:01
2026-08-28 16:02:51 | DEBUG    | downloader | [JOB 27ed4c3f-0d02-4923-b820-a2b4b273184f] yt-dlp: [download]  67.2% of   69.76MiB at   19.59MiB/s ETA 00:01
2026-08-28 16:02:51 | DEBUG    | downloader | [JOB 27ed4c3f-0d02-4923-b820-a2b4b273184f] yt-dlp: [download]  69.4% of   69.76MiB at   21.41MiB/s ETA 00:00
2026-08-28 16:02:51 | DEBUG    | downloader | [JOB 27ed4c3f-0d02-4923-b820-a2b4b273184f] yt-dlp: [download]  69.4% of   69.76MiB at  Unknown B/s ETA Unknown
2026-08-28 16:02:51 | DEBUG    | downloader | [JOB 27ed4c3f-0d02-4923-b820-a2b4b273184f] yt-dlp: [download]  69.4% of   69.76MiB at  Unknown B/s ETA Unknown
2026-08-28 16:02:51 | DEBUG    | downloader | [JOB 27ed4c3f-0d02-4923-b820-a2b4b273184f] yt-dlp: [download]  69.4% of   69.76MiB at  Unknown B/s ETA Unknown
2026-08-28 16:02:51 | DEBUG    | downloader | [JOB 27ed4c3f-0d02-4923-b820-a2b4b273184f] yt-dlp: [download]  69.5% of   69.76MiB at   14.51MiB/s ETA 00:01
2026-08-28 16:02:51 | DEBUG    | downloader | [JOB 27ed4c3f-0d02-4923-b820-a2b4b273184f] yt-dlp: [download]  69.5% of   69.76MiB at    1.01MiB/s ETA 00:21
2026-08-28 16:02:51 | DEBUG    | downloader | [JOB 27ed4c3f-0d02-4923-b820-a2b4b273184f] yt-dlp: [download]  69.5% of   69.76MiB at    1.18MiB/s ETA 00:18
2026-08-28 16:02:51 | DEBUG    | downloader | [JOB 27ed4c3f-0d02-4923-b820-a2b4b273184f] yt-dlp: [download]  69.6% of   69.76MiB at    1.90MiB/s ETA 00:11
2026-08-28 16:02:51 | DEBUG    | downloader | [JOB 27ed4c3f-0d02-4923-b820-a2b4b273184f] yt-dlp: [download]  69.8% of   69.76MiB at    2.71MiB/s ETA 00:07
2026-08-28 16:02:51 | DEBUG    | downloader | [JOB 27ed4c3f-0d02-4923-b820-a2b4b273184f] yt-dlp: [download]  70.2% of   69.76MiB at    4.16MiB/s ETA 00:05
2026-08-28 16:02:51 | DEBUG    | downloader | [JOB 27ed4c3f-0d02-4923-b820-a2b4b273184f] yt-dlp: [download]  70.9% of   69.76MiB at    6.64MiB/s ETA 00:03
2026-08-28 16:02:52 | DEBUG    | downloader | [JOB 27ed4c3f-0d02-4923-b820-a2b4b273184f] yt-dlp: [download]  72.3% of   69.76MiB at   10.62MiB/s ETA 00:01
2026-08-28 16:02:52 | DEBUG    | downloader | [JOB 27ed4c3f-0d02-4923-b820-a2b4b273184f] yt-dlp: [download]  75.2% of   69.76MiB at   15.57MiB/s ETA 00:01
2026-08-28 16:02:52 | DEBUG    | downloader | [JOB 27ed4c3f-0d02-4923-b820-a2b4b273184f] yt-dlp: [download]  80.9% of   69.76MiB at   19.36MiB/s ETA 00:00
2026-08-28 16:02:52 | DEBUG    | downloader | [JOB 27ed4c3f-0d02-4923-b820-a2b4b273184f] yt-dlp: [download]  83.3% of   69.76MiB at   20.51MiB/s ETA 00:00
2026-08-28 16:02:52 | DEBUG    | downloader | [JOB 27ed4c3f-0d02-4923-b820-a2b4b273184f] yt-dlp: [download]  83.3% of   69.76MiB at  169.47KiB/s ETA 01:10
2026-08-28 16:02:52 | DEBUG    | downloader | [JOB 27ed4c3f-0d02-4923-b820-a2b4b273184f] yt-dlp: [download]  83.3% of   69.76MiB at  453.19KiB/s ETA 00:26
2026-08-28 16:02:52 | DEBUG    | downloader | [JOB 27ed4c3f-0d02-4923-b820-a2b4b273184f] yt-dlp: [download]  83.3% of   69.76MiB at 1022.79KiB/s ETA 00:11
2026-08-28 16:02:52 | DEBUG    | downloader | [JOB 27ed4c3f-0d02-4923-b820-a2b4b273184f] yt-dlp: [download]  83.3% of   69.76MiB at    2.09MiB/s ETA 00:05
2026-08-28 16:02:52 | DEBUG    | downloader | [JOB 27ed4c3f-0d02-4923-b820-a2b4b273184f] yt-dlp: [download]  83.4% of   69.76MiB at    1.45MiB/s ETA 00:08
2026-08-28 16:02:52 | DEBUG    | downloader | [JOB 27ed4c3f-0d02-4923-b820-a2b4b273184f] yt-dlp: [download]  83.4% of   69.76MiB at    1.55MiB/s ETA 00:07
2026-08-28 16:02:52 | DEBUG    | downloader | [JOB 27ed4c3f-0d02-4923-b820-a2b4b273184f] yt-dlp: [download]  83.5% of   69.76MiB at    1.73MiB/s ETA 00:06
2026-08-28 16:02:52 | DEBUG    | downloader | [JOB 27ed4c3f-0d02-4923-b820-a2b4b273184f] yt-dlp: [download]  83.7% of   69.76MiB at    2.53MiB/s ETA 00:04
2026-08-28 16:02:52 | DEBUG    | downloader | [JOB 27ed4c3f-0d02-4923-b820-a2b4b273184f] yt-dlp: [download]  84.0% of   69.76MiB at    3.28MiB/s ETA 00:03
2026-08-28 16:02:52 | DEBUG    | downloader | [JOB 27ed4c3f-0d02-4923-b820-a2b4b273184f] yt-dlp: [download]  84.8% of   69.76MiB at    4.64MiB/s ETA 00:02
2026-08-28 16:02:52 | DEBUG    | downloader | [JOB 27ed4c3f-0d02-4923-b820-a2b4b273184f] yt-dlp: [download]  86.2% of   69.76MiB at    6.61MiB/s ETA 00:01
2026-08-28 16:02:52 | DEBUG    | downloader | [JOB 27ed4c3f-0d02-4923-b820-a2b4b273184f] yt-dlp: [download]  89.1% of   69.76MiB at    8.27MiB/s ETA 00:00
2026-08-28 16:02:53 | DEBUG    | downloader | [JOB 27ed4c3f-0d02-4923-b820-a2b4b273184f] yt-dlp: [download]  94.8% of   69.76MiB at    9.70MiB/s ETA 00:00
2026-08-28 16:02:53 | DEBUG    | downloader | [JOB 27ed4c3f-0d02-4923-b820-a2b4b273184f] yt-dlp: [download]  97.3% of   69.76MiB at   10.11MiB/s ETA 00:00
2026-08-28 16:02:53 | DEBUG    | downloader | [JOB 27ed4c3f-0d02-4923-b820-a2b4b273184f] yt-dlp: [download]  97.3% of   69.76MiB at  131.19KiB/s ETA 00:14
2026-08-28 16:02:53 | DEBUG    | downloader | [JOB 27ed4c3f-0d02-4923-b820-a2b4b273184f] yt-dlp: [download]  97.3% of   69.76MiB at  370.22KiB/s ETA 00:05
2026-08-28 16:02:53 | DEBUG    | downloader | [JOB 27ed4c3f-0d02-4923-b820-a2b4b273184f] yt-dlp: [download]  97.3% of   69.76MiB at  836.45KiB/s ETA 00:02
2026-08-28 16:02:53 | DEBUG    | downloader | [JOB 27ed4c3f-0d02-4923-b820-a2b4b273184f] yt-dlp: [download]  97.3% of   69.76MiB at    1.70MiB/s ETA 00:01
2026-08-28 16:02:53 | DEBUG    | downloader | [JOB 27ed4c3f-0d02-4923-b820-a2b4b273184f] yt-dlp: [download]  97.3% of   69.76MiB at    1.10MiB/s ETA 00:01
2026-08-28 16:02:53 | DEBUG    | downloader | [JOB 27ed4c3f-0d02-4923-b820-a2b4b273184f] yt-dlp: [download]  97.3% of   69.76MiB at    1.14MiB/s ETA 00:01
2026-08-28 16:02:53 | DEBUG    | downloader | [JOB 27ed4c3f-0d02-4923-b820-a2b4b273184f] yt-dlp: [download]  97.4% of   69.76MiB at    1.54MiB/s ETA 00:01
2026-08-28 16:02:53 | DEBUG    | downloader | [JOB 27ed4c3f-0d02-4923-b820-a2b4b273184f] yt-dlp: [download]  97.6% of   69.76MiB at    2.06MiB/s ETA 00:00
2026-08-28 16:02:53 | DEBUG    | downloader | [JOB 27ed4c3f-0d02-4923-b820-a2b4b273184f] yt-dlp: [download]  98.0% of   69.76MiB at    3.05MiB/s ETA 00:00
2026-08-28 16:02:53 | DEBUG    | downloader | [JOB 27ed4c3f-0d02-4923-b820-a2b4b273184f] yt-dlp: [download]  98.7% of   69.76MiB at    4.68MiB/s ETA 00:00
2026-08-28 16:02:53 | DEBUG    | downloader | [JOB 27ed4c3f-0d02-4923-b820-a2b4b273184f] yt-dlp: [download] 100.0% of   69.76MiB at    7.12MiB/s ETA 00:00
2026-08-28 16:02:53 | DEBUG    | downloader | [JOB 27ed4c3f-0d02-4923-b820-a2b4b273184f] yt-dlp: [download] 100% of   69.76MiB in 00:00:05 at 13.12MiB/s
2026-08-28 16:02:53 | DEBUG    | downloader | [JOB 27ed4c3f-0d02-4923-b820-a2b4b273184f] yt-dlp: [download] Destination: C:\Users\ak252\OneDrive\Documents\ClipForge AI\data\downloads\27ed4c3f-0d02-4923-b820-a2b4b273184f\mNcEHwRysnc.f140.m4a
2026-08-28 16:02:53 | DEBUG    | downloader | [JOB 27ed4c3f-0d02-4923-b820-a2b4b273184f] yt-dlp: [download]   0.0% of   18.98MiB at  334.42KiB/s ETA 00:58
2026-08-28 16:02:53 | DEBUG    | downloader | [JOB 27ed4c3f-0d02-4923-b820-a2b4b273184f] yt-dlp: [download]   0.0% of   18.98MiB at  911.67KiB/s ETA 00:21
2026-08-28 16:02:53 | DEBUG    | downloader | [JOB 27ed4c3f-0d02-4923-b820-a2b4b273184f] yt-dlp: [download]   0.0% of   18.98MiB at    1.95MiB/s ETA 00:09
2026-08-28 16:02:53 | DEBUG    | downloader | [JOB 27ed4c3f-0d02-4923-b820-a2b4b273184f] yt-dlp: [download]   0.1% of   18.98MiB at    3.90MiB/s ETA 00:04
2026-08-28 16:02:53 | DEBUG    | downloader | [JOB 27ed4c3f-0d02-4923-b820-a2b4b273184f] yt-dlp: [download]   0.2% of   18.98MiB at    1.25MiB/s ETA 00:15
2026-08-28 16:02:53 | DEBUG    | downloader | [JOB 27ed4c3f-0d02-4923-b820-a2b4b273184f] yt-dlp: [download]   0.3% of   18.98MiB at    1.49MiB/s ETA 00:12
2026-08-28 16:02:53 | DEBUG    | downloader | [JOB 27ed4c3f-0d02-4923-b820-a2b4b273184f] yt-dlp: [download]   0.7% of   18.98MiB at    1.85MiB/s ETA 00:10
2026-08-28 16:02:53 | DEBUG    | downloader | [JOB 27ed4c3f-0d02-4923-b820-a2b4b273184f] yt-dlp: [download]   1.3% of   18.98MiB at    2.35MiB/s ETA 00:07
2026-08-28 16:02:53 | DEBUG    | downloader | [JOB 27ed4c3f-0d02-4923-b820-a2b4b273184f] yt-dlp: [download]   2.6% of   18.98MiB at    3.10MiB/s ETA 00:05
2026-08-28 16:02:54 | DEBUG    | downloader | [JOB 27ed4c3f-0d02-4923-b820-a2b4b273184f] yt-dlp: [download]   5.3% of   18.98MiB at    4.67MiB/s ETA 00:03
2026-08-28 16:02:54 | DEBUG    | downloader | [JOB 27ed4c3f-0d02-4923-b820-a2b4b273184f] yt-dlp: [download]  10.5% of   18.98MiB at    7.28MiB/s ETA 00:02
2026-08-28 16:02:54 | DEBUG    | downloader | [JOB 27ed4c3f-0d02-4923-b820-a2b4b273184f] yt-dlp: [download]  21.1% of   18.98MiB at   11.85MiB/s ETA 00:01
2026-08-28 16:02:54 | DEBUG    | downloader | [JOB 27ed4c3f-0d02-4923-b820-a2b4b273184f] yt-dlp: [download]  42.1% of   18.98MiB at   16.37MiB/s ETA 00:00
2026-08-28 16:02:54 | DEBUG    | downloader | [JOB 27ed4c3f-0d02-4923-b820-a2b4b273184f] yt-dlp: [download]  52.3% of   18.98MiB at   18.04MiB/s ETA 00:00
2026-08-28 16:02:54 | DEBUG    | downloader | [JOB 27ed4c3f-0d02-4923-b820-a2b4b273184f] yt-dlp: [download]  52.3% of   18.98MiB at  Unknown B/s ETA Unknown
2026-08-28 16:02:54 | DEBUG    | downloader | [JOB 27ed4c3f-0d02-4923-b820-a2b4b273184f] yt-dlp: [download]  52.4% of   18.98MiB at  Unknown B/s ETA Unknown
2026-08-28 16:02:54 | DEBUG    | downloader | [JOB 27ed4c3f-0d02-4923-b820-a2b4b273184f] yt-dlp: [download]  52.4% of   18.98MiB at  Unknown B/s ETA Unknown
2026-08-28 16:02:54 | DEBUG    | downloader | [JOB 27ed4c3f-0d02-4923-b820-a2b4b273184f] yt-dlp: [download]  52.4% of   18.98MiB at  Unknown B/s ETA Unknown
2026-08-28 16:02:54 | DEBUG    | downloader | [JOB 27ed4c3f-0d02-4923-b820-a2b4b273184f] yt-dlp: [download]  52.5% of   18.98MiB at    1.17MiB/s ETA 00:07
2026-08-28 16:02:54 | DEBUG    | downloader | [JOB 27ed4c3f-0d02-4923-b820-a2b4b273184f] yt-dlp: [download]  52.7% of   18.98MiB at    1.28MiB/s ETA 00:07
2026-08-28 16:02:54 | DEBUG    | downloader | [JOB 27ed4c3f-0d02-4923-b820-a2b4b273184f] yt-dlp: [download]  53.0% of   18.98MiB at    1.67MiB/s ETA 00:05
2026-08-28 16:02:54 | DEBUG    | downloader | [JOB 27ed4c3f-0d02-4923-b820-a2b4b273184f] yt-dlp: [download]  53.7% of   18.98MiB at    2.42MiB/s ETA 00:03
2026-08-28 16:02:54 | DEBUG    | downloader | [JOB 27ed4c3f-0d02-4923-b820-a2b4b273184f] yt-dlp: [download]  55.0% of   18.98MiB at    3.48MiB/s ETA 00:02
2026-08-28 16:02:54 | DEBUG    | downloader | [JOB 27ed4c3f-0d02-4923-b820-a2b4b273184f] yt-dlp: [download]  57.6% of   18.98MiB at    5.21MiB/s ETA 00:01
2026-08-28 16:02:54 | DEBUG    | downloader | [JOB 27ed4c3f-0d02-4923-b820-a2b4b273184f] yt-dlp: [download]  62.9% of   18.98MiB at    8.25MiB/s ETA 00:00
2026-08-28 16:02:54 | DEBUG    | downloader | [JOB 27ed4c3f-0d02-4923-b820-a2b4b273184f] yt-dlp: [download]  73.4% of   18.98MiB at   13.18MiB/s ETA 00:00
2026-08-28 16:02:54 | DEBUG    | downloader | [JOB 27ed4c3f-0d02-4923-b820-a2b4b273184f] yt-dlp: [download]  94.5% of   18.98MiB at   18.07MiB/s ETA 00:00
2026-08-28 16:02:54 | DEBUG    | downloader | [JOB 27ed4c3f-0d02-4923-b820-a2b4b273184f] yt-dlp: [download] 100.0% of   18.98MiB at   19.23MiB/s ETA 00:00
2026-08-28 16:02:54 | DEBUG    | downloader | [JOB 27ed4c3f-0d02-4923-b820-a2b4b273184f] yt-dlp: [download] 100% of   18.98MiB in 00:00:01 at 15.17MiB/s
2026-08-28 16:02:55 | INFO     | downloader | [JOB 27ed4c3f-0d02-4923-b820-a2b4b273184f] Downloaded to: C:\Users\ak252\OneDrive\Documents\ClipForge AI\data\downloads\27ed4c3f-0d02-4923-b820-a2b4b273184f\mNcEHwRysnc.f398.mp4
2026-08-28 16:02:55 | INFO     | worker.27ed4c3f-0d02-4923-b820-a2b4b273184f | [JOB 27ed4c3f-0d02-4923-b820-a2b4b273184f] Extracting audio
2026-08-28 16:02:55 | INFO     | audio | [JOB 27ed4c3f-0d02-4923-b820-a2b4b273184f] Extracting audio from: C:\Users\ak252\OneDrive\Documents\ClipForge AI\data\downloads\27ed4c3f-0d02-4923-b820-a2b4b273184f\mNcEHwRysnc.f398.mp4
2026-08-28 16:02:55 | ERROR    | worker.27ed4c3f-0d02-4923-b820-a2b4b273184f | [JOB 27ed4c3f-0d02-4923-b820-a2b4b273184f] Pipeline failed: FFmpeg not found. Install FFmpeg and ensure it is on your PATH.
Traceback (most recent call last):
  File "C:\Users\ak252\OneDrive\Documents\ClipForge AI\backend\workers\processor.py", line 121, in _run_pipeline
    audio_path = extract_audio(video_path, job_id)
  File "C:\Users\ak252\OneDrive\Documents\ClipForge AI\backend\services\audio.py", line 26, in extract_audio
    run_ffmpeg([
    ~~~~~~~~~~^^
        "-y",                     # overwrite output
        ^^^^^^^^^^^^^^^^^^^^^^^^^^^^^^^^^^^^^^^^^^^^
    ...<5 lines>...
        str(audio_path),
        ^^^^^^^^^^^^^^^^
    ])
    ^^
  File "C:\Users\ak252\OneDrive\Documents\ClipForge AI\backend\utils\ffmpeg.py", line 38, in run_ffmpeg
    cmd = [ffmpeg_path()] + args
           ~~~~~~~~~~~^^
  File "C:\Users\ak252\OneDrive\Documents\ClipForge AI\backend\utils\ffmpeg.py", line 20, in ffmpeg_path
    raise RuntimeError(
        "FFmpeg not found. Install FFmpeg and ensure it is on your PATH."
    )
RuntimeError: FFmpeg not found. Install FFmpeg and ensure it is on your PATH.

2026-08-28 16:03:53 | INFO     | main | ClipForge AI backend shutting down
2026-08-28 16:03:55 | INFO     | main | ClipForge AI backend started on port 8000
2026-08-28 16:03:55 | INFO     | main | Data directory: C:\Users\ak252\OneDrive\Documents\ClipForge AI\data
